14:29:48 **** Build of configuration Debug for project demo_zc706 ****
make all 
make --no-print-directory pre-build
a9-linaro-pre-build-step
' '
make --no-print-directory main-build
'Building file: ../src/helloworld.c'
'Invoking: ARM v7 gcc compiler'
arm-none-eabi-gcc -Wall -O0 -g3 -c -fmessage-length=0 -MT"src/helloworld.o" -mcpu=cortex-a9 -mfpu=vfpv3 -mfloat-abi=hard -IC:/Users/lgonzales/Documents/Vivado/code/demo_zc706/demo_zc706_wrapper/export/demo_zc706_wrapper/sw/demo_zc706_wrapper/standalone_ps7_cortexa9_0/bspinclude/include -MMD -MP -MF"src/helloworld.d" -MT"src/helloworld.o" -o "src/helloworld.o" "../src/helloworld.c"
'Finished building: ../src/helloworld.c'
' '
'Building file: ../src/platform.c'
'Invoking: ARM v7 gcc compiler'
arm-none-eabi-gcc -Wall -O0 -g3 -c -fmessage-length=0 -MT"src/platform.o" -mcpu=cortex-a9 -mfpu=vfpv3 -mfloat-abi=hard -IC:/Users/lgonzales/Documents/Vivado/code/demo_zc706/demo_zc706_wrapper/export/demo_zc706_wrapper/sw/demo_zc706_wrapper/standalone_ps7_cortexa9_0/bspinclude/include -MMD -MP -MF"src/platform.d" -MT"src/platform.o" -o "src/platform.o" "../src/platform.c"
'Finished building: ../src/platform.c'
' '
'Building target: demo_zc706.elf'
'Invoking: ARM v7 gcc linker'
arm-none-eabi-gcc -mcpu=cortex-a9 -mfpu=vfpv3 -mfloat-abi=hard -Wl,-build-id=none -specs=Xilinx.spec -Wl,-T -Wl,../src/lscript.ld -LC:/Users/lgonzales/Documents/Vivado/code/demo_zc706/demo_zc706_wrapper/export/demo_zc706_wrapper/sw/demo_zc706_wrapper/standalone_ps7_cortexa9_0/bsplib/lib -o "demo_zc706.elf"  ./src/helloworld.o ./src/platform.o   -Wl,--start-group,-lxil,-lgcc,-lc,--end-group
'Finished building target: demo_zc706.elf'
' '
'Invoking: ARM v7 Print Size'
arm-none-eabi-size demo_zc706.elf  |tee "demo_zc706.elf.size"
   text	   data	    bss	    dec	    hex	filename
  19128	   1144	  22568	  42840	   a758	demo_zc706.elf
'Finished building: demo_zc706.elf.size'
' '

14:29:49 Build Finished (took 1s.0ms)

